// Jest Snapshot v1, https://goo.gl/fbAQLP

exports[`<HomePage /> should render and match the snapshot 1`] = `
<section
  class="Section-fxu4zi-0 CenteredSection-uroeek-0 joHOKy"
>
  <h1>
    <span>
      Github App!
    </span>
  </h1>
  <form
    class="Form-xkjev1-0 fYsATz"
  >
    <label
      for="username"
    >
      <span
        class="AtPrefix-sc-143gs49-0 gaCczF"
      >
        <span>
          Github username @
        </span>
      </span>
      <input
        class="Input-vmw8ts-0 fiVKko"
        id="username"
        placeholder="mxstbr"
        type="text"
        value=""
      />
    </label>
  </form>
</section>
`;
